// Jest Snapshot v1, https://goo.gl/fbAQLP

exports[`ForgotPasswordLayout Component should render correctly 1`] = `
<DocumentFragment>
  <main
    class="ForgotPasswordLayout__ForgotLayoutWrapper-sc-upavat-0 gFRVqu"
    role="main"
  >
    <div>
      <div>
        <div>
          <span
            class="ForgotPasswordLayout__ForgotHeaderImage-sc-upavat-1 kAYJVg"
          />
          <form
            class="ForgotPasswordLayout__ForgotForm-sc-upavat-4 eVRwbl"
            method="post"
          >
            <div
              class="ForgotPasswordLayout__HeadingText-sc-upavat-2 jAHbTC"
            >
              Trouble logging in?
            </div>
            <div
              class="ForgotPasswordLayout__SubHeadingText-sc-upavat-3 fqtvjG"
            >
              Enter your email, phone, or username and we'll send you a link to get back into your account.
            </div>
            <div
              class="StyledInput__StyledInputWrapper-sc-fkf055-0 hOmQjA"
            >
              <label
                class="StyledInput__StyledInputLabel-sc-fkf055-2 gizmBW"
              >
                <input
                  class="StyledInput__StyledInputInput-sc-fkf055-1 ejdHNL"
                  data-testid="userName"
                  maxlength="255"
                  name="userName"
                  placeholder="Email, Phone, or Username"
                  value=""
                />
              </label>
            </div>
            <button
              class="StyledButton__StyledButtonComponent-sc-8t4kac-0 fLkIsR"
              disabled=""
              type="button"
            >
              Send Login Link
            </button>
            <div>
              <div>
                <div />
                <div>
                  OR
                </div>
                <div />
              </div>
            </div>
            <div
              class="ForgotPasswordLayout__SignupText-sc-upavat-5 dtpnMm"
            >
              Don't have an account? 
              <a
                class="StyledLink__StyledLinkWrapper-sc-1rgr01q-0 dLJqDG"
                href="/signup"
              >
                Sign up
              </a>
            </div>
          </form>
        </div>
      </div>
    </div>
  </main>
</DocumentFragment>
`;

exports[`ForgotPasswordLayout Component should render modal 1`] = `undefined`;
