// Jest Snapshot v1, https://goo.gl/fbAQLP

exports[`ForgotPasswordLayout dispatches openModal with error response on API failure 1`] = `
{
  "asFragment": [Function],
  "baseElement": <body>
    <div>
      <main
        class="ForgotPasswordLayout__ForgotLayoutWrapper-sc-upavat-0 cHylCf"
        role="main"
      >
        <div
          class="CombinedStyling__Div-sc-c3jdxk-0 escqfF"
        >
          <div
            class="CombinedStyling__Div-sc-c3jdxk-0 escqfF"
          >
            <div
              class="CombinedStyling__Div-sc-c3jdxk-0 escqfF"
            >
              <span
                class="CombinedStyling__Span-sc-c3jdxk-1 ForgotPasswordLayout__ForgotHeaderImage-sc-upavat-1 kSRMWv kLOkNx"
              />
              <form
                class="ForgotPasswordLayout__ForgotForm-sc-upavat-4 hREDts"
                method="post"
              >
                <div
                  class="CombinedStyling__Div-sc-c3jdxk-0 ForgotPasswordLayout__HeadingText-sc-upavat-2 escqfF fRNugz"
                >
                  Trouble logging in?
                </div>
                <div
                  class="CombinedStyling__Div-sc-c3jdxk-0 ForgotPasswordLayout__SubHeadingText-sc-upavat-3 escqfF bXJVdK"
                >
                  Enter your email, phone, or username and we'll send you a link to get back into your account.
                </div>
                <div
                  class="CombinedStyling__Div-sc-c3jdxk-0 CombinedStyling__Flex-sc-c3jdxk-2 CombinedStyling__FlexRow-sc-c3jdxk-3 StyledInput__StyledInputWrapper-sc-fkf055-0 escqfF ckFvxY fjNDtr cyFDIt"
                >
                  <label
                    class="StyledInput__StyledInputLabel-sc-fkf055-2 iHXgrc"
                  >
                    <input
                      class="StyledInput__StyledInputInput-sc-fkf055-1 kkxInS"
                      data-testid="userName"
                      maxlength="255"
                      placeholder="Email, Phone, or Username"
                      value="user@example.com"
                    />
                    <div
                      class="CombinedStyling__Div-sc-c3jdxk-0 StyledInput__ValidationIcon-sc-fkf055-3 hNEsIT kYVJfy"
                    >
                      <svg
                        aria-hidden="true"
                        class="Icon-sc-btq2kp-0"
                        fill="currentColor"
                        focusable="false"
                        name="check-circle"
                        stroke="none"
                        stroke-width="2"
                      >
                        <use
                          href="http://localhost:8080/public/images/sprite.svg#check-circle"
                        />
                      </svg>
                    </div>
                  </label>
                </div>
                <button
                  class="StyledButton__StyledButtonComponent-sc-8t4kac-0 bZbOLt"
                  type="button"
                >
                  Send Login Link
                </button>
                <div
                  class="CombinedStyling__Div-sc-c3jdxk-0 escqfF"
                >
                  <div
                    class="CombinedStyling__Div-sc-c3jdxk-0 escqfF"
                  >
                    <div
                      class="CombinedStyling__Div-sc-c3jdxk-0 escqfF"
                    />
                    <div
                      class="CombinedStyling__Div-sc-c3jdxk-0 escqfF"
                    >
                      OR
                    </div>
                    <div
                      class="CombinedStyling__Div-sc-c3jdxk-0 escqfF"
                    />
                  </div>
                </div>
                <div
                  class="CombinedStyling__Div-sc-c3jdxk-0 ForgotPasswordLayout__SignupText-sc-upavat-5 escqfF jCpmzb"
                >
                  Don't have an account? 
                  <a
                    class="CombinedStyling__Link-sc-c3jdxk-7 StyledLink__StyledLinkWrapperFromLink-sc-1rgr01q-0 rKNtR dnJNFP"
                    href="/signup"
                    role=""
                  >
                    Sign up
                  </a>
                </div>
              </form>
            </div>
          </div>
        </div>
      </main>
    </div>
  </body>,
  "container": <div>
    <main
      class="ForgotPasswordLayout__ForgotLayoutWrapper-sc-upavat-0 cHylCf"
      role="main"
    >
      <div
        class="CombinedStyling__Div-sc-c3jdxk-0 escqfF"
      >
        <div
          class="CombinedStyling__Div-sc-c3jdxk-0 escqfF"
        >
          <div
            class="CombinedStyling__Div-sc-c3jdxk-0 escqfF"
          >
            <span
              class="CombinedStyling__Span-sc-c3jdxk-1 ForgotPasswordLayout__ForgotHeaderImage-sc-upavat-1 kSRMWv kLOkNx"
            />
            <form
              class="ForgotPasswordLayout__ForgotForm-sc-upavat-4 hREDts"
              method="post"
            >
              <div
                class="CombinedStyling__Div-sc-c3jdxk-0 ForgotPasswordLayout__HeadingText-sc-upavat-2 escqfF fRNugz"
              >
                Trouble logging in?
              </div>
              <div
                class="CombinedStyling__Div-sc-c3jdxk-0 ForgotPasswordLayout__SubHeadingText-sc-upavat-3 escqfF bXJVdK"
              >
                Enter your email, phone, or username and we'll send you a link to get back into your account.
              </div>
              <div
                class="CombinedStyling__Div-sc-c3jdxk-0 CombinedStyling__Flex-sc-c3jdxk-2 CombinedStyling__FlexRow-sc-c3jdxk-3 StyledInput__StyledInputWrapper-sc-fkf055-0 escqfF ckFvxY fjNDtr cyFDIt"
              >
                <label
                  class="StyledInput__StyledInputLabel-sc-fkf055-2 iHXgrc"
                >
                  <input
                    class="StyledInput__StyledInputInput-sc-fkf055-1 kkxInS"
                    data-testid="userName"
                    maxlength="255"
                    placeholder="Email, Phone, or Username"
                    value="user@example.com"
                  />
                  <div
                    class="CombinedStyling__Div-sc-c3jdxk-0 StyledInput__ValidationIcon-sc-fkf055-3 hNEsIT kYVJfy"
                  >
                    <svg
                      aria-hidden="true"
                      class="Icon-sc-btq2kp-0"
                      fill="currentColor"
                      focusable="false"
                      name="check-circle"
                      stroke="none"
                      stroke-width="2"
                    >
                      <use
                        href="http://localhost:8080/public/images/sprite.svg#check-circle"
                      />
                    </svg>
                  </div>
                </label>
              </div>
              <button
                class="StyledButton__StyledButtonComponent-sc-8t4kac-0 bZbOLt"
                type="button"
              >
                Send Login Link
              </button>
              <div
                class="CombinedStyling__Div-sc-c3jdxk-0 escqfF"
              >
                <div
                  class="CombinedStyling__Div-sc-c3jdxk-0 escqfF"
                >
                  <div
                    class="CombinedStyling__Div-sc-c3jdxk-0 escqfF"
                  />
                  <div
                    class="CombinedStyling__Div-sc-c3jdxk-0 escqfF"
                  >
                    OR
                  </div>
                  <div
                    class="CombinedStyling__Div-sc-c3jdxk-0 escqfF"
                  />
                </div>
              </div>
              <div
                class="CombinedStyling__Div-sc-c3jdxk-0 ForgotPasswordLayout__SignupText-sc-upavat-5 escqfF jCpmzb"
              >
                Don't have an account? 
                <a
                  class="CombinedStyling__Link-sc-c3jdxk-7 StyledLink__StyledLinkWrapperFromLink-sc-1rgr01q-0 rKNtR dnJNFP"
                  href="/signup"
                  role=""
                >
                  Sign up
                </a>
              </div>
            </form>
          </div>
        </div>
      </div>
    </main>
  </div>,
  "debug": [Function],
  "findAllByAltText": [Function],
  "findAllByDisplayValue": [Function],
  "findAllByLabelText": [Function],
  "findAllByPlaceholderText": [Function],
  "findAllByRole": [Function],
  "findAllByTestId": [Function],
  "findAllByText": [Function],
  "findAllByTitle": [Function],
  "findByAltText": [Function],
  "findByDisplayValue": [Function],
  "findByLabelText": [Function],
  "findByPlaceholderText": [Function],
  "findByRole": [Function],
  "findByTestId": [Function],
  "findByText": [Function],
  "findByTitle": [Function],
  "getAllByAltText": [Function],
  "getAllByDisplayValue": [Function],
  "getAllByLabelText": [Function],
  "getAllByPlaceholderText": [Function],
  "getAllByRole": [Function],
  "getAllByTestId": [Function],
  "getAllByText": [Function],
  "getAllByTitle": [Function],
  "getByAltText": [Function],
  "getByDisplayValue": [Function],
  "getByLabelText": [Function],
  "getByPlaceholderText": [Function],
  "getByRole": [Function],
  "getByTestId": [Function],
  "getByText": [Function],
  "getByTitle": [Function],
  "queryAllByAltText": [Function],
  "queryAllByDisplayValue": [Function],
  "queryAllByLabelText": [Function],
  "queryAllByPlaceholderText": [Function],
  "queryAllByRole": [Function],
  "queryAllByTestId": [Function],
  "queryAllByText": [Function],
  "queryAllByTitle": [Function],
  "queryByAltText": [Function],
  "queryByDisplayValue": [Function],
  "queryByLabelText": [Function],
  "queryByPlaceholderText": [Function],
  "queryByRole": [Function],
  "queryByTestId": [Function],
  "queryByText": [Function],
  "queryByTitle": [Function],
  "rerender": [Function],
  "store": {
    "@@observable": [Function],
    "dispatch": [Function],
    "getState": [Function],
    "replaceReducer": [Function],
    "subscribe": [Function],
  },
  "unmount": [Function],
}
`;

exports[`ForgotPasswordLayout dispatches openModal with success response on clicking send link 1`] = `
{
  "asFragment": [Function],
  "baseElement": <body>
    <div>
      <main
        class="ForgotPasswordLayout__ForgotLayoutWrapper-sc-upavat-0 cHylCf"
        role="main"
      >
        <div
          class="CombinedStyling__Div-sc-c3jdxk-0 escqfF"
        >
          <div
            class="CombinedStyling__Div-sc-c3jdxk-0 escqfF"
          >
            <div
              class="CombinedStyling__Div-sc-c3jdxk-0 escqfF"
            >
              <span
                class="CombinedStyling__Span-sc-c3jdxk-1 ForgotPasswordLayout__ForgotHeaderImage-sc-upavat-1 kSRMWv kLOkNx"
              />
              <form
                class="ForgotPasswordLayout__ForgotForm-sc-upavat-4 hREDts"
                method="post"
              >
                <div
                  class="CombinedStyling__Div-sc-c3jdxk-0 ForgotPasswordLayout__HeadingText-sc-upavat-2 escqfF fRNugz"
                >
                  Trouble logging in?
                </div>
                <div
                  class="CombinedStyling__Div-sc-c3jdxk-0 ForgotPasswordLayout__SubHeadingText-sc-upavat-3 escqfF bXJVdK"
                >
                  Enter your email, phone, or username and we'll send you a link to get back into your account.
                </div>
                <div
                  class="CombinedStyling__Div-sc-c3jdxk-0 CombinedStyling__Flex-sc-c3jdxk-2 CombinedStyling__FlexRow-sc-c3jdxk-3 StyledInput__StyledInputWrapper-sc-fkf055-0 escqfF ckFvxY fjNDtr cyFDIt"
                >
                  <label
                    class="StyledInput__StyledInputLabel-sc-fkf055-2 iHXgrc"
                  >
                    <input
                      class="StyledInput__StyledInputInput-sc-fkf055-1 kkxInS"
                      data-testid="userName"
                      maxlength="255"
                      placeholder="Email, Phone, or Username"
                      value="user@example.com"
                    />
                    <div
                      class="CombinedStyling__Div-sc-c3jdxk-0 StyledInput__ValidationIcon-sc-fkf055-3 hNEsIT kYVJfy"
                    >
                      <svg
                        aria-hidden="true"
                        class="Icon-sc-btq2kp-0"
                        fill="currentColor"
                        focusable="false"
                        name="check-circle"
                        stroke="none"
                        stroke-width="2"
                      >
                        <use
                          href="http://localhost:8080/public/images/sprite.svg#check-circle"
                        />
                      </svg>
                    </div>
                  </label>
                </div>
                <button
                  class="StyledButton__StyledButtonComponent-sc-8t4kac-0 bZbOLt"
                  type="button"
                >
                  Send Login Link
                </button>
                <div
                  class="CombinedStyling__Div-sc-c3jdxk-0 escqfF"
                >
                  <div
                    class="CombinedStyling__Div-sc-c3jdxk-0 escqfF"
                  >
                    <div
                      class="CombinedStyling__Div-sc-c3jdxk-0 escqfF"
                    />
                    <div
                      class="CombinedStyling__Div-sc-c3jdxk-0 escqfF"
                    >
                      OR
                    </div>
                    <div
                      class="CombinedStyling__Div-sc-c3jdxk-0 escqfF"
                    />
                  </div>
                </div>
                <div
                  class="CombinedStyling__Div-sc-c3jdxk-0 ForgotPasswordLayout__SignupText-sc-upavat-5 escqfF jCpmzb"
                >
                  Don't have an account? 
                  <a
                    class="CombinedStyling__Link-sc-c3jdxk-7 StyledLink__StyledLinkWrapperFromLink-sc-1rgr01q-0 rKNtR dnJNFP"
                    href="/signup"
                    role=""
                  >
                    Sign up
                  </a>
                </div>
              </form>
            </div>
          </div>
        </div>
      </main>
    </div>
  </body>,
  "container": <div>
    <main
      class="ForgotPasswordLayout__ForgotLayoutWrapper-sc-upavat-0 cHylCf"
      role="main"
    >
      <div
        class="CombinedStyling__Div-sc-c3jdxk-0 escqfF"
      >
        <div
          class="CombinedStyling__Div-sc-c3jdxk-0 escqfF"
        >
          <div
            class="CombinedStyling__Div-sc-c3jdxk-0 escqfF"
          >
            <span
              class="CombinedStyling__Span-sc-c3jdxk-1 ForgotPasswordLayout__ForgotHeaderImage-sc-upavat-1 kSRMWv kLOkNx"
            />
            <form
              class="ForgotPasswordLayout__ForgotForm-sc-upavat-4 hREDts"
              method="post"
            >
              <div
                class="CombinedStyling__Div-sc-c3jdxk-0 ForgotPasswordLayout__HeadingText-sc-upavat-2 escqfF fRNugz"
              >
                Trouble logging in?
              </div>
              <div
                class="CombinedStyling__Div-sc-c3jdxk-0 ForgotPasswordLayout__SubHeadingText-sc-upavat-3 escqfF bXJVdK"
              >
                Enter your email, phone, or username and we'll send you a link to get back into your account.
              </div>
              <div
                class="CombinedStyling__Div-sc-c3jdxk-0 CombinedStyling__Flex-sc-c3jdxk-2 CombinedStyling__FlexRow-sc-c3jdxk-3 StyledInput__StyledInputWrapper-sc-fkf055-0 escqfF ckFvxY fjNDtr cyFDIt"
              >
                <label
                  class="StyledInput__StyledInputLabel-sc-fkf055-2 iHXgrc"
                >
                  <input
                    class="StyledInput__StyledInputInput-sc-fkf055-1 kkxInS"
                    data-testid="userName"
                    maxlength="255"
                    placeholder="Email, Phone, or Username"
                    value="user@example.com"
                  />
                  <div
                    class="CombinedStyling__Div-sc-c3jdxk-0 StyledInput__ValidationIcon-sc-fkf055-3 hNEsIT kYVJfy"
                  >
                    <svg
                      aria-hidden="true"
                      class="Icon-sc-btq2kp-0"
                      fill="currentColor"
                      focusable="false"
                      name="check-circle"
                      stroke="none"
                      stroke-width="2"
                    >
                      <use
                        href="http://localhost:8080/public/images/sprite.svg#check-circle"
                      />
                    </svg>
                  </div>
                </label>
              </div>
              <button
                class="StyledButton__StyledButtonComponent-sc-8t4kac-0 bZbOLt"
                type="button"
              >
                Send Login Link
              </button>
              <div
                class="CombinedStyling__Div-sc-c3jdxk-0 escqfF"
              >
                <div
                  class="CombinedStyling__Div-sc-c3jdxk-0 escqfF"
                >
                  <div
                    class="CombinedStyling__Div-sc-c3jdxk-0 escqfF"
                  />
                  <div
                    class="CombinedStyling__Div-sc-c3jdxk-0 escqfF"
                  >
                    OR
                  </div>
                  <div
                    class="CombinedStyling__Div-sc-c3jdxk-0 escqfF"
                  />
                </div>
              </div>
              <div
                class="CombinedStyling__Div-sc-c3jdxk-0 ForgotPasswordLayout__SignupText-sc-upavat-5 escqfF jCpmzb"
              >
                Don't have an account? 
                <a
                  class="CombinedStyling__Link-sc-c3jdxk-7 StyledLink__StyledLinkWrapperFromLink-sc-1rgr01q-0 rKNtR dnJNFP"
                  href="/signup"
                  role=""
                >
                  Sign up
                </a>
              </div>
            </form>
          </div>
        </div>
      </div>
    </main>
  </div>,
  "debug": [Function],
  "findAllByAltText": [Function],
  "findAllByDisplayValue": [Function],
  "findAllByLabelText": [Function],
  "findAllByPlaceholderText": [Function],
  "findAllByRole": [Function],
  "findAllByTestId": [Function],
  "findAllByText": [Function],
  "findAllByTitle": [Function],
  "findByAltText": [Function],
  "findByDisplayValue": [Function],
  "findByLabelText": [Function],
  "findByPlaceholderText": [Function],
  "findByRole": [Function],
  "findByTestId": [Function],
  "findByText": [Function],
  "findByTitle": [Function],
  "getAllByAltText": [Function],
  "getAllByDisplayValue": [Function],
  "getAllByLabelText": [Function],
  "getAllByPlaceholderText": [Function],
  "getAllByRole": [Function],
  "getAllByTestId": [Function],
  "getAllByText": [Function],
  "getAllByTitle": [Function],
  "getByAltText": [Function],
  "getByDisplayValue": [Function],
  "getByLabelText": [Function],
  "getByPlaceholderText": [Function],
  "getByRole": [Function],
  "getByTestId": [Function],
  "getByText": [Function],
  "getByTitle": [Function],
  "queryAllByAltText": [Function],
  "queryAllByDisplayValue": [Function],
  "queryAllByLabelText": [Function],
  "queryAllByPlaceholderText": [Function],
  "queryAllByRole": [Function],
  "queryAllByTestId": [Function],
  "queryAllByText": [Function],
  "queryAllByTitle": [Function],
  "queryByAltText": [Function],
  "queryByDisplayValue": [Function],
  "queryByLabelText": [Function],
  "queryByPlaceholderText": [Function],
  "queryByRole": [Function],
  "queryByTestId": [Function],
  "queryByText": [Function],
  "queryByTitle": [Function],
  "rerender": [Function],
  "store": {
    "@@observable": [Function],
    "dispatch": [Function],
    "getState": [Function],
    "replaceReducer": [Function],
    "subscribe": [Function],
  },
  "unmount": [Function],
}
`;
